******************************************************************************
                  TI ARM Linker PC v20.2.4                     
******************************************************************************
>> Linked Thu May  6 19:22:19 2021

OUTPUT FILE NAME:   <Experimento1.out>
ENTRY POINT SYMBOL: "_c_int00_noinit_noargs"  address: 00000609


MEMORY CONFIGURATION

         name            origin    length      used     unused   attr    fill
----------------------  --------  ---------  --------  --------  ----  --------
  FLASH                 00000000   00040000  000006ae  0003f952  R  X
  SRAM                  20000000   00008000  00000200  00007e00  RW X


SEGMENT ALLOCATION MAP

run origin  load origin   length   init length attrs members
----------  ----------- ---------- ----------- ----- -------
00000000    00000000    000006ae   000006ae    r-x
  00000000    00000000    0000026c   0000026c    r-- .intvecs
  0000026c    0000026c    00000442   00000442    r-x .text
20000000    20000000    00000200   00000000    rw-
  20000000    20000000    00000200   00000000    rw- .stack


SECTION ALLOCATION MAP

 output                                  attributes/
section   page    origin      length       input sections
--------  ----  ----------  ----------   ----------------
.intvecs   0    00000000    0000026c     
                  00000000    0000026c     tm4c123gh6pm_startup_ccs.obj (.intvecs)

.text      0    0000026c    00000442     
                  0000026c    00000132     driverlib.lib : gpio.obj (.text:GPIOPadConfigSet)
                  0000039e    00000002     --HOLE-- [fill = 0]
                  000003a0    00000108     main.obj (.text)
                  000004a8    000000f4     driverlib.lib : sysctl.obj (.text:SysCtlClockSet)
                  0000059c    00000038                   : sysctl.obj (.text:SysCtlPeripheralReady)
                  000005d4    00000034                   : sysctl.obj (.text:SysCtlPeripheralEnable)
                  00000608    0000002c     rtsv7M4_T_le_v4SPD16_eabi.lib : boot_cortex_m.c.obj (.text:_c_int00_noinit_noargs:_c_int00_noinit_noargs)
                  00000634    0000002a     driverlib.lib : gpio.obj (.text:GPIODirModeSet)
                  0000065e    00000018                   : gpio.obj (.text:GPIOPinTypeGPIOOutput)
                  00000676    00000012                   : gpio.obj (.text:GPIOPinTypeGPIOInput)
                  00000688    0000000c     tm4c123gh6pm_startup_ccs.obj (.text)
                  00000694    00000006     driverlib.lib : gpio.obj (.text:GPIOPinRead)
                  0000069a    00000006                   : gpio.obj (.text:GPIOPinWrite)
                  000006a0    00000006                   : sysctl.obj (.text:SysCtlDelay)
                  000006a6    00000004     rtsv7M4_T_le_v4SPD16_eabi.lib : pre_init.c.obj (.text:_system_pre_init)
                  000006aa    00000004                                   : exit.c.obj (.text:abort:abort)

.cinit     0    00000000    00000000     UNINITIALIZED

.init_array 
*          0    00000000    00000000     UNINITIALIZED

.stack     0    20000000    00000200     UNINITIALIZED
                  20000000    00000004     rtsv7M4_T_le_v4SPD16_eabi.lib : boot_cortex_m.c.obj (.stack)
                  20000004    000001fc     --HOLE--

__llvm_prf_cnts 
*          0    20000000    00000000     UNINITIALIZED

MODULE SUMMARY

       Module                         code   ro data   rw data
       ------                         ----   -------   -------
    .\
       tm4c123gh6pm_startup_ccs.obj   12     620       0      
       main.obj                       264    0         0      
    +--+------------------------------+------+---------+---------+
       Total:                         276    620       0      
                                                              
    C:/ti/TivaWare_C_Series-2.1.4.178/driverlib/ccs/Debug/driverlib.lib
       gpio.obj                       402    0         0      
       sysctl.obj                     358    0         0      
    +--+------------------------------+------+---------+---------+
       Total:                         760    0         0      
                                                              
    C:\ti\ccs1030\ccs\tools\compiler\ti-cgt-arm_20.2.4.LTS\lib\rtsv7M4_T_le_v4SPD16_eabi.lib
       boot_cortex_m.c.obj            44     0         0      
       exit.c.obj                     4      0         0      
       pre_init.c.obj                 4      0         0      
    +--+------------------------------+------+---------+---------+
       Total:                         52     0         0      
                                                              
       Stack:                         0      0         512    
    +--+------------------------------+------+---------+---------+
       Grand Total:                   1088   620       512    


GLOBAL SYMBOLS: SORTED ALPHABETICALLY BY Name 

address   name                   
-------   ----                   
000006ab  C$$EXIT                
00000635  GPIODirModeSet         
0000026d  GPIOPadConfigSet       
00000695  GPIOPinRead            
00000677  GPIOPinTypeGPIOInput   
0000065f  GPIOPinTypeGPIOOutput  
0000069b  GPIOPinWrite           
00000689  ResetISR               
000004a9  SysCtlClockSet         
000006a1  SysCtlDelay            
000005d5  SysCtlPeripheralEnable 
0000059d  SysCtlPeripheralReady  
20000200  __STACK_END            
00000200  __STACK_SIZE           
20000200  __STACK_TOP            
ffffffff  __TI_pprof_out_hndl    
ffffffff  __TI_prof_data_size    
ffffffff  __TI_prof_data_start   
00000000  __TI_static_base__     
ffffffff  __binit__              
ffffffff  __c_args__             
UNDEFED   __mpu_init             
20000000  __stack                
20000000  __start___llvm_prf_cnts
20000000  __stop___llvm_prf_cnts 
00000609  _c_int00_noinit_noargs 
000006a7  _system_pre_init       
000006ab  abort                  
ffffffff  binit                  
0000046b  delay                  
00000000  g_pfnVectors           
000003a1  main                   
000003fd  semaforo               


GLOBAL SYMBOLS: SORTED BY Symbol Address 

address   name                   
-------   ----                   
00000000  __TI_static_base__     
00000000  g_pfnVectors           
00000200  __STACK_SIZE           
0000026d  GPIOPadConfigSet       
000003a1  main                   
000003fd  semaforo               
0000046b  delay                  
000004a9  SysCtlClockSet         
0000059d  SysCtlPeripheralReady  
000005d5  SysCtlPeripheralEnable 
00000609  _c_int00_noinit_noargs 
00000635  GPIODirModeSet         
0000065f  GPIOPinTypeGPIOOutput  
00000677  GPIOPinTypeGPIOInput   
00000689  ResetISR               
00000695  GPIOPinRead            
0000069b  GPIOPinWrite           
000006a1  SysCtlDelay            
000006a7  _system_pre_init       
000006ab  C$$EXIT                
000006ab  abort                  
20000000  __stack                
20000000  __start___llvm_prf_cnts
20000000  __stop___llvm_prf_cnts 
20000200  __STACK_END            
20000200  __STACK_TOP            
ffffffff  __TI_pprof_out_hndl    
ffffffff  __TI_prof_data_size    
ffffffff  __TI_prof_data_start   
ffffffff  __binit__              
ffffffff  __c_args__             
ffffffff  binit                  
UNDEFED   __mpu_init             

[33 symbols]
