******************************************************************************
                  TI ARM Linker PC v20.2.4                     
******************************************************************************
>> Linked Sun May  9 21:56:09 2021

OUTPUT FILE NAME:   <Experimento - 2.out>
ENTRY POINT SYMBOL: "_c_int00_noargs"  address: 000008c9


MEMORY CONFIGURATION

         name            origin    length      used     unused   attr    fill
----------------------  --------  ---------  --------  --------  ----  --------
  FLASH                 00000000   00040000  00000ad6  0003f52a  R  X
  SRAM                  20000000   00008000  00000472  00007b8e  RW X


SEGMENT ALLOCATION MAP

run origin  load origin   length   init length attrs members
----------  ----------- ---------- ----------- ----- -------
00000000    00000000    00000ad8   00000ad8    r-x
  00000000    00000000    0000026c   0000026c    r-- .intvecs
  0000026c    0000026c    0000074e   0000074e    r-x .text
  000009bc    000009bc    000000dc   000000dc    r-- .const
  00000a98    00000a98    00000040   00000040    r-- .cinit
20000000    20000000    00000472   00000000    rw-
  20000000    20000000    0000026c   00000000    rw- .vtable
  2000026c    2000026c    00000004   00000000    rw- .bss
  20000270    20000270    00000200   00000000    rw- .stack
  20000470    20000470    00000002   00000000    rw- .data


SECTION ALLOCATION MAP

 output                                  attributes/
section   page    origin      length       input sections
--------  ----  ----------  ----------   ----------------
.intvecs   0    00000000    0000026c     
                  00000000    0000026c     tm4c123gh6pm_startup_ccs.obj (.intvecs)

.text      0    0000026c    0000074e     
                  0000026c    00000132     driverlib.lib : gpio.obj (.text:GPIOPadConfigSet)
                  0000039e    00000002     --HOLE-- [fill = 0]
                  000003a0    00000110                   : sysctl.obj (.text:SysCtlClockGet)
                  000004b0    000000f4                   : sysctl.obj (.text:SysCtlClockSet)
                  000005a4    000000ac     main.obj (.text)
                  00000650    0000009c     rtsv7M4_T_le_v4SPD16_eabi.lib : memcpy_t2.asm.obj (.text)
                  000006ec    00000068     driverlib.lib : interrupt.obj (.text:IntEnable)
                  00000754    00000068     rtsv7M4_T_le_v4SPD16_eabi.lib : copy_decompress_lzss.c.obj (.text:decompress:lzss:__TI_decompress_lzss)
                  000007bc    00000060     driverlib.lib : timer.obj (.text:TimerConfigure)
                  0000081c    00000044     rtsv7M4_T_le_v4SPD16_eabi.lib : autoinit.c.obj (.text:__TI_auto_init_nobinit_nopinit:__TI_auto_init_nobinit_nopinit)
                  00000860    00000034     driverlib.lib : interrupt.obj (.text:IntRegister)
                  00000894    00000034                   : sysctl.obj (.text:SysCtlPeripheralEnable)
                  000008c8    00000034     rtsv7M4_T_le_v4SPD16_eabi.lib : boot_cortex_m.c.obj (.text:_c_int00_noargs:_c_int00_noargs)
                  000008fc    0000002a     driverlib.lib : gpio.obj (.text:GPIODirModeSet)
                  00000926    0000001c     rtsv7M4_T_le_v4SPD16_eabi.lib : copy_zero_init.c.obj (.text:decompress:ZI:__TI_zero_init_nomemset:__TI_zero_init_nomemset)
                  00000942    00000018     driverlib.lib : gpio.obj (.text:GPIOPinTypeGPIOOutput)
                  0000095a    00000012                   : timer.obj (.text:TimerLoadSet)
                  0000096c    0000000e                   : timer.obj (.text:TimerEnable)
                  0000097a    0000000e     rtsv7M4_T_le_v4SPD16_eabi.lib : copy_decompress_none.c.obj (.text:decompress:none:__TI_decompress_none)
                  00000988    0000000c     tm4c123gh6pm_startup_ccs.obj (.text)
                  00000994    00000008     driverlib.lib : timer.obj (.text:TimerIntEnable)
                  0000099c    00000006                   : gpio.obj (.text:GPIOPinRead)
                  000009a2    00000006                   : gpio.obj (.text:GPIOPinWrite)
                  000009a8    00000006                   : sysctl.obj (.text:SysCtlDelay)
                  000009ae    00000004                   : timer.obj (.text:TimerIntClear)
                  000009b2    00000004     rtsv7M4_T_le_v4SPD16_eabi.lib : pre_init.c.obj (.text:_system_pre_init)
                  000009b6    00000004                                   : exit.c.obj (.text:abort:abort)

.const     0    000009bc    000000dc     
                  000009bc    00000070     driverlib.lib : interrupt.obj (.const)
                  00000a2c    0000006c                   : sysctl.obj (.const:g_pui32Xtals)

.cinit     0    00000a98    00000040     
                  00000a98    0000000c     (__TI_handler_table)
                  00000aa4    00000004     --HOLE-- [fill = 0]
                  00000aa8    00000008     (.cinit..bss.load) [load image, compression = zero_init]
                  00000ab0    00000008     (.cinit..vtable.load) [load image, compression = zero_init]
                  00000ab8    00000006     (.cinit..data.load) [load image, compression = lzss]
                  00000abe    00000002     --HOLE-- [fill = 0]
                  00000ac0    00000018     (__TI_cinit_table)

.init_array 
*          0    00000000    00000000     UNINITIALIZED

.vtable    0    20000000    0000026c     UNINITIALIZED
                  20000000    0000026c     driverlib.lib : interrupt.obj (.vtable)

.bss       0    2000026c    00000004     UNINITIALIZED
                  2000026c    00000004     (.common:loadval)

.data      0    20000470    00000002     UNINITIALIZED
                  20000470    00000002     main.obj (.data)

.stack     0    20000270    00000200     UNINITIALIZED
                  20000270    00000004     rtsv7M4_T_le_v4SPD16_eabi.lib : boot_cortex_m.c.obj (.stack)
                  20000274    000001fc     --HOLE--

__llvm_prf_cnts 
*          0    20000000    00000000     UNINITIALIZED

MODULE SUMMARY

       Module                         code   ro data   rw data
       ------                         ----   -------   -------
    .\
       tm4c123gh6pm_startup_ccs.obj   12     620       0      
       main.obj                       172    0         6      
    +--+------------------------------+------+---------+---------+
       Total:                         184    620       6      
                                                              
    C:/ti/TivaWare_C_Series-2.1.4.178/driverlib/ccs/Debug/driverlib.lib
       interrupt.obj                  156    112       620    
       sysctl.obj                     574    108       0      
       gpio.obj                       384    0         0      
       timer.obj                      140    0         0      
    +--+------------------------------+------+---------+---------+
       Total:                         1254   220       620    
                                                              
    C:\ti\ccs1030\ccs\tools\compiler\ti-cgt-arm_20.2.4.LTS\lib\rtsv7M4_T_le_v4SPD16_eabi.lib
       memcpy_t2.asm.obj              156    0         0      
       copy_decompress_lzss.c.obj     104    0         0      
       autoinit.c.obj                 68     0         0      
       boot_cortex_m.c.obj            52     0         0      
       copy_zero_init.c.obj           28     0         0      
       copy_decompress_none.c.obj     14     0         0      
       exit.c.obj                     4      0         0      
       pre_init.c.obj                 4      0         0      
    +--+------------------------------+------+---------+---------+
       Total:                         430    0         0      
                                                              
       Stack:                         0      0         512    
       Linker Generated:              0      58        0      
    +--+------------------------------+------+---------+---------+
       Grand Total:                   1868   898       1138   


LINKER GENERATED COPY TABLES

__TI_cinit_table @ 00000ac0 records: 3, size/record: 8, table size: 24
	.bss: load addr=00000aa8, load size=00000008 bytes, run addr=2000026c, run size=00000004 bytes, compression=zero_init
	.vtable: load addr=00000ab0, load size=00000008 bytes, run addr=20000000, run size=0000026c bytes, compression=zero_init
	.data: load addr=00000ab8, load size=00000006 bytes, run addr=20000470, run size=00000002 bytes, compression=lzss


LINKER GENERATED HANDLER TABLE

__TI_handler_table @ 00000a98 records: 3, size/record: 4, table size: 12
	index: 0, handler: __TI_zero_init
	index: 1, handler: __TI_decompress_lzss
	index: 2, handler: __TI_decompress_none


GLOBAL SYMBOLS: SORTED ALPHABETICALLY BY Name 

address   name                          
-------   ----                          
000009b7  C$$EXIT                       
000008fd  GPIODirModeSet                
0000026d  GPIOPadConfigSet              
0000099d  GPIOPinRead                   
00000943  GPIOPinTypeGPIOOutput         
000009a3  GPIOPinWrite                  
000006ed  IntEnable                     
00000861  IntRegister                   
00000989  ResetISR                      
000003a1  SysCtlClockGet                
000004b1  SysCtlClockSet                
000009a9  SysCtlDelay                   
00000895  SysCtlPeripheralEnable        
000007bd  TimerConfigure                
0000096d  TimerEnable                   
000009af  TimerIntClear                 
00000995  TimerIntEnable                
0000095b  TimerLoadSet                  
20000470  __STACK_END                   
00000200  __STACK_SIZE                  
20000470  __STACK_TOP                   
00000ac0  __TI_CINIT_Base               
00000ad8  __TI_CINIT_Limit              
00000a98  __TI_Handler_Table_Base       
00000aa4  __TI_Handler_Table_Limit      
0000081d  __TI_auto_init_nobinit_nopinit
00000755  __TI_decompress_lzss          
0000097b  __TI_decompress_none          
ffffffff  __TI_pprof_out_hndl           
ffffffff  __TI_prof_data_size           
ffffffff  __TI_prof_data_start          
00000000  __TI_static_base__            
00000927  __TI_zero_init_nomemset       
00000651  __aeabi_memcpy                
00000651  __aeabi_memcpy4               
00000651  __aeabi_memcpy8               
ffffffff  __binit__                     
ffffffff  __c_args__                    
UNDEFED   __mpu_init                    
20000270  __stack                       
20000000  __start___llvm_prf_cnts       
20000000  __stop___llvm_prf_cnts        
000008c9  _c_int00_noargs               
UNDEFED   _system_post_cinit            
000009b3  _system_pre_init              
000009b7  abort                         
ffffffff  binit                         
20000470  control                       
20000471  control2                      
20000000  g_pfnRAMVectors               
00000000  g_pfnVectors                  
2000026c  loadval                       
000005a5  main                          
00000651  memcpy                        
0000060b  toggle                        


GLOBAL SYMBOLS: SORTED BY Symbol Address 

address   name                          
-------   ----                          
00000000  __TI_static_base__            
00000000  g_pfnVectors                  
00000200  __STACK_SIZE                  
0000026d  GPIOPadConfigSet              
000003a1  SysCtlClockGet                
000004b1  SysCtlClockSet                
000005a5  main                          
0000060b  toggle                        
00000651  __aeabi_memcpy                
00000651  __aeabi_memcpy4               
00000651  __aeabi_memcpy8               
00000651  memcpy                        
000006ed  IntEnable                     
00000755  __TI_decompress_lzss          
000007bd  TimerConfigure                
0000081d  __TI_auto_init_nobinit_nopinit
00000861  IntRegister                   
00000895  SysCtlPeripheralEnable        
000008c9  _c_int00_noargs               
000008fd  GPIODirModeSet                
00000927  __TI_zero_init_nomemset       
00000943  GPIOPinTypeGPIOOutput         
0000095b  TimerLoadSet                  
0000096d  TimerEnable                   
0000097b  __TI_decompress_none          
00000989  ResetISR                      
00000995  TimerIntEnable                
0000099d  GPIOPinRead                   
000009a3  GPIOPinWrite                  
000009a9  SysCtlDelay                   
000009af  TimerIntClear                 
000009b3  _system_pre_init              
000009b7  C$$EXIT                       
000009b7  abort                         
00000a98  __TI_Handler_Table_Base       
00000aa4  __TI_Handler_Table_Limit      
00000ac0  __TI_CINIT_Base               
00000ad8  __TI_CINIT_Limit              
20000000  __start___llvm_prf_cnts       
20000000  __stop___llvm_prf_cnts        
20000000  g_pfnRAMVectors               
2000026c  loadval                       
20000270  __stack                       
20000470  __STACK_END                   
20000470  __STACK_TOP                   
20000470  control                       
20000471  control2                      
ffffffff  __TI_pprof_out_hndl           
ffffffff  __TI_prof_data_size           
ffffffff  __TI_prof_data_start          
ffffffff  __binit__                     
ffffffff  __c_args__                    
ffffffff  binit                         
UNDEFED   __mpu_init                    
UNDEFED   _system_post_cinit            

[55 symbols]
