******************************************************************************
                  TI ARM Linker PC v20.2.4                     
******************************************************************************
>> Linked Tue May 11 18:36:10 2021

OUTPUT FILE NAME:   <Experimento - 2.out>
ENTRY POINT SYMBOL: "_c_int00_noargs"  address: 000009e9


MEMORY CONFIGURATION

         name            origin    length      used     unused   attr    fill
----------------------  --------  ---------  --------  --------  ----  --------
  FLASH                 00000000   00040000  00000c7a  0003f386  R  X
  SRAM                  20000000   00008000  00000474  00007b8c  RW X


SEGMENT ALLOCATION MAP

run origin  load origin   length   init length attrs members
----------  ----------- ---------- ----------- ----- -------
00000000    00000000    00000c80   00000c80    r-x
  00000000    00000000    0000026c   0000026c    r-- .intvecs
  0000026c    0000026c    000008f2   000008f2    r-x .text
  00000b60    00000b60    000000dc   000000dc    r-- .const
  00000c40    00000c40    00000040   00000040    r-- .cinit
20000000    20000000    00000475   00000000    rw-
  20000000    20000000    0000026c   00000000    rw- .vtable
  2000026c    2000026c    00000003   00000000    rw- .data
  20000270    20000270    00000200   00000000    rw- .stack
  20000470    20000470    00000005   00000000    rw- .bss


SECTION ALLOCATION MAP

 output                                  attributes/
section   page    origin      length       input sections
--------  ----  ----------  ----------   ----------------
.intvecs   0    00000000    0000026c     
                  00000000    0000026c     tm4c123gh6pm_startup_ccs.obj (.intvecs)

.text      0    0000026c    000008f2     
                  0000026c    00000184     main.obj (.text)
                  000003f0    00000132     driverlib.lib : gpio.obj (.text:GPIOPadConfigSet)
                  00000522    00000002     --HOLE-- [fill = 0]
                  00000524    00000110                   : sysctl.obj (.text:SysCtlClockGet)
                  00000634    000000f4                   : sysctl.obj (.text:SysCtlClockSet)
                  00000728    0000009c     rtsv7M4_T_le_v4SPD16_eabi.lib : memcpy_t2.asm.obj (.text)
                  000007c4    00000068     driverlib.lib : interrupt.obj (.text:IntEnable)
                  0000082c    00000068     rtsv7M4_T_le_v4SPD16_eabi.lib : copy_decompress_lzss.c.obj (.text:decompress:lzss:__TI_decompress_lzss)
                  00000894    00000060     driverlib.lib : timer.obj (.text:TimerConfigure)
                  000008f4    00000046                   : uart.obj (.text:UARTConfigSetExpClk)
                  0000093a    00000002     --HOLE-- [fill = 0]
                  0000093c    00000044     rtsv7M4_T_le_v4SPD16_eabi.lib : autoinit.c.obj (.text:__TI_auto_init_nobinit_nopinit:__TI_auto_init_nobinit_nopinit)
                  00000980    00000034     driverlib.lib : interrupt.obj (.text:IntRegister)
                  000009b4    00000034                   : sysctl.obj (.text:SysCtlPeripheralEnable)
                  000009e8    00000034     rtsv7M4_T_le_v4SPD16_eabi.lib : boot_cortex_m.c.obj (.text:_c_int00_noargs:_c_int00_noargs)
                  00000a1c    0000002a     driverlib.lib : gpio.obj (.text:GPIODirModeSet)
                  00000a46    00000002     --HOLE-- [fill = 0]
                  00000a48    00000020                   : uart.obj (.text:UARTDisable)
                  00000a68    0000001c     rtsv7M4_T_le_v4SPD16_eabi.lib : copy_zero_init.c.obj (.text:decompress:ZI:__TI_zero_init_nomemset:__TI_zero_init_nomemset)
                  00000a84    00000018     driverlib.lib : gpio.obj (.text:GPIOPinTypeGPIOOutput)
                  00000a9c    00000014                   : uart.obj (.text:UARTEnable)
                  00000ab0    00000012                   : gpio.obj (.text:GPIOPinTypeUART)
                  00000ac2    00000012                   : timer.obj (.text:TimerLoadSet)
                  00000ad4    00000010                   : interrupt.obj (.text:IntMasterEnable)
                  00000ae4    0000000e                   : timer.obj (.text:TimerEnable)
                  00000af2    0000000e                   : uart.obj (.text:UARTCharGetNonBlocking)
                  00000b00    0000000e     rtsv7M4_T_le_v4SPD16_eabi.lib : copy_decompress_none.c.obj (.text:decompress:none:__TI_decompress_none)
                  00000b0e    0000000c     driverlib.lib : cpu.obj (.text:CPUcpsie)
                  00000b1a    0000000c     tm4c123gh6pm_startup_ccs.obj (.text)
                  00000b26    00000008     driverlib.lib : timer.obj (.text:TimerIntEnable)
                  00000b2e    00000008                   : uart.obj (.text:UARTIntEnable)
                  00000b36    00000006                   : gpio.obj (.text:GPIOPinRead)
                  00000b3c    00000006                   : gpio.obj (.text:GPIOPinWrite)
                  00000b42    00000006                   : sysctl.obj (.text:SysCtlDelay)
                  00000b48    00000006                   : uart.obj (.text:UARTFIFOLevelSet)
                  00000b4e    00000004                   : timer.obj (.text:TimerIntClear)
                  00000b52    00000004                   : uart.obj (.text:UARTIntClear)
                  00000b56    00000004     rtsv7M4_T_le_v4SPD16_eabi.lib : pre_init.c.obj (.text:_system_pre_init)
                  00000b5a    00000004                                   : exit.c.obj (.text:abort:abort)

.const     0    00000b60    000000dc     
                  00000b60    00000070     driverlib.lib : interrupt.obj (.const)
                  00000bd0    0000006c                   : sysctl.obj (.const:g_pui32Xtals)

.cinit     0    00000c40    00000040     
                  00000c40    0000000c     (__TI_handler_table)
                  00000c4c    00000004     --HOLE-- [fill = 0]
                  00000c50    00000008     (.cinit..bss.load) [load image, compression = zero_init]
                  00000c58    00000008     (.cinit..vtable.load) [load image, compression = zero_init]
                  00000c60    00000007     (.cinit..data.load) [load image, compression = lzss]
                  00000c67    00000001     --HOLE-- [fill = 0]
                  00000c68    00000018     (__TI_cinit_table)

.init_array 
*          0    00000000    00000000     UNINITIALIZED

.vtable    0    20000000    0000026c     UNINITIALIZED
                  20000000    0000026c     driverlib.lib : interrupt.obj (.vtable)

.data      0    2000026c    00000003     UNINITIALIZED
                  2000026c    00000003     main.obj (.data)

.bss       0    20000470    00000005     UNINITIALIZED
                  20000470    00000004     (.common:loadval)
                  20000474    00000001     (.common:entrada)

.stack     0    20000270    00000200     UNINITIALIZED
                  20000270    00000004     rtsv7M4_T_le_v4SPD16_eabi.lib : boot_cortex_m.c.obj (.stack)
                  20000274    000001fc     --HOLE--

__llvm_prf_cnts 
*          0    20000000    00000000     UNINITIALIZED

MODULE SUMMARY

       Module                         code   ro data   rw data
       ------                         ----   -------   -------
    .\
       tm4c123gh6pm_startup_ccs.obj   12     620       0      
       main.obj                       388    0         8      
    +--+------------------------------+------+---------+---------+
       Total:                         400    620       8      
                                                              
    C:/ti/TivaWare_C_Series-2.1.4.178/driverlib/ccs/Debug/driverlib.lib
       interrupt.obj                  172    112       620    
       sysctl.obj                     574    108       0      
       gpio.obj                       402    0         0      
       uart.obj                       154    0         0      
       timer.obj                      140    0         0      
       cpu.obj                        12     0         0      
    +--+------------------------------+------+---------+---------+
       Total:                         1454   220       620    
                                                              
    C:\ti\ccs1030\ccs\tools\compiler\ti-cgt-arm_20.2.4.LTS\lib\rtsv7M4_T_le_v4SPD16_eabi.lib
       memcpy_t2.asm.obj              156    0         0      
       copy_decompress_lzss.c.obj     104    0         0      
       autoinit.c.obj                 68     0         0      
       boot_cortex_m.c.obj            52     0         0      
       copy_zero_init.c.obj           28     0         0      
       copy_decompress_none.c.obj     14     0         0      
       exit.c.obj                     4      0         0      
       pre_init.c.obj                 4      0         0      
    +--+------------------------------+------+---------+---------+
       Total:                         430    0         0      
                                                              
       Stack:                         0      0         512    
       Linker Generated:              0      59        0      
    +--+------------------------------+------+---------+---------+
       Grand Total:                   2284   899       1140   


LINKER GENERATED COPY TABLES

__TI_cinit_table @ 00000c68 records: 3, size/record: 8, table size: 24
	.bss: load addr=00000c50, load size=00000008 bytes, run addr=20000470, run size=00000005 bytes, compression=zero_init
	.vtable: load addr=00000c58, load size=00000008 bytes, run addr=20000000, run size=0000026c bytes, compression=zero_init
	.data: load addr=00000c60, load size=00000007 bytes, run addr=2000026c, run size=00000003 bytes, compression=lzss


LINKER GENERATED HANDLER TABLE

__TI_handler_table @ 00000c40 records: 3, size/record: 4, table size: 12
	index: 0, handler: __TI_zero_init
	index: 1, handler: __TI_decompress_lzss
	index: 2, handler: __TI_decompress_none


GLOBAL SYMBOLS: SORTED ALPHABETICALLY BY Name 

address   name                          
-------   ----                          
00000b5b  C$$EXIT                       
00000b0f  CPUcpsie                      
00000a1d  GPIODirModeSet                
000003f1  GPIOPadConfigSet              
00000b37  GPIOPinRead                   
00000a85  GPIOPinTypeGPIOOutput         
00000ab1  GPIOPinTypeUART               
00000b3d  GPIOPinWrite                  
000007c5  IntEnable                     
00000ad5  IntMasterEnable               
00000981  IntRegister                   
00000b1b  ResetISR                      
00000525  SysCtlClockGet                
00000635  SysCtlClockSet                
00000b43  SysCtlDelay                   
000009b5  SysCtlPeripheralEnable        
00000895  TimerConfigure                
00000ae5  TimerEnable                   
00000b4f  TimerIntClear                 
00000b27  TimerIntEnable                
00000ac3  TimerLoadSet                  
00000af3  UARTCharGetNonBlocking        
000008f5  UARTConfigSetExpClk           
00000a49  UARTDisable                   
00000a9d  UARTEnable                    
00000b49  UARTFIFOLevelSet              
00000b53  UARTIntClear                  
00000b2f  UARTIntEnable                 
20000470  __STACK_END                   
00000200  __STACK_SIZE                  
20000470  __STACK_TOP                   
00000c68  __TI_CINIT_Base               
00000c80  __TI_CINIT_Limit              
00000c40  __TI_Handler_Table_Base       
00000c4c  __TI_Handler_Table_Limit      
0000093d  __TI_auto_init_nobinit_nopinit
0000082d  __TI_decompress_lzss          
00000b01  __TI_decompress_none          
ffffffff  __TI_pprof_out_hndl           
ffffffff  __TI_prof_data_size           
ffffffff  __TI_prof_data_start          
00000000  __TI_static_base__            
00000a69  __TI_zero_init_nomemset       
00000729  __aeabi_memcpy                
00000729  __aeabi_memcpy4               
00000729  __aeabi_memcpy8               
ffffffff  __binit__                     
ffffffff  __c_args__                    
UNDEFED   __mpu_init                    
20000270  __stack                       
20000000  __start___llvm_prf_cnts       
20000000  __stop___llvm_prf_cnts        
000009e9  _c_int00_noargs               
UNDEFED   _system_post_cinit            
00000b57  _system_pre_init              
00000b5b  abort                         
2000026e  azul                          
ffffffff  binit                         
20000474  entrada                       
0000039d  entradaUART                   
20000000  g_pfnRAMVectors               
00000000  g_pfnVectors                  
20000470  loadval                       
0000026d  main                          
00000729  memcpy                        
2000026c  rojo                          
0000036f  toggle                        
2000026d  verde                         


GLOBAL SYMBOLS: SORTED BY Symbol Address 

address   name                          
-------   ----                          
00000000  __TI_static_base__            
00000000  g_pfnVectors                  
00000200  __STACK_SIZE                  
0000026d  main                          
0000036f  toggle                        
0000039d  entradaUART                   
000003f1  GPIOPadConfigSet              
00000525  SysCtlClockGet                
00000635  SysCtlClockSet                
00000729  __aeabi_memcpy                
00000729  __aeabi_memcpy4               
00000729  __aeabi_memcpy8               
00000729  memcpy                        
000007c5  IntEnable                     
0000082d  __TI_decompress_lzss          
00000895  TimerConfigure                
000008f5  UARTConfigSetExpClk           
0000093d  __TI_auto_init_nobinit_nopinit
00000981  IntRegister                   
000009b5  SysCtlPeripheralEnable        
000009e9  _c_int00_noargs               
00000a1d  GPIODirModeSet                
00000a49  UARTDisable                   
00000a69  __TI_zero_init_nomemset       
00000a85  GPIOPinTypeGPIOOutput         
00000a9d  UARTEnable                    
00000ab1  GPIOPinTypeUART               
00000ac3  TimerLoadSet                  
00000ad5  IntMasterEnable               
00000ae5  TimerEnable                   
00000af3  UARTCharGetNonBlocking        
00000b01  __TI_decompress_none          
00000b0f  CPUcpsie                      
00000b1b  ResetISR                      
00000b27  TimerIntEnable                
00000b2f  UARTIntEnable                 
00000b37  GPIOPinRead                   
00000b3d  GPIOPinWrite                  
00000b43  SysCtlDelay                   
00000b49  UARTFIFOLevelSet              
00000b4f  TimerIntClear                 
00000b53  UARTIntClear                  
00000b57  _system_pre_init              
00000b5b  C$$EXIT                       
00000b5b  abort                         
00000c40  __TI_Handler_Table_Base       
00000c4c  __TI_Handler_Table_Limit      
00000c68  __TI_CINIT_Base               
00000c80  __TI_CINIT_Limit              
20000000  __start___llvm_prf_cnts       
20000000  __stop___llvm_prf_cnts        
20000000  g_pfnRAMVectors               
2000026c  rojo                          
2000026d  verde                         
2000026e  azul                          
20000270  __stack                       
20000470  __STACK_END                   
20000470  __STACK_TOP                   
20000470  loadval                       
20000474  entrada                       
ffffffff  __TI_pprof_out_hndl           
ffffffff  __TI_prof_data_size           
ffffffff  __TI_prof_data_start          
ffffffff  __binit__                     
ffffffff  __c_args__                    
ffffffff  binit                         
UNDEFED   __mpu_init                    
UNDEFED   _system_post_cinit            

[68 symbols]
